../Core/Src/main.c:70:6:HAL_UART_RxCpltCallback	16	static
../Core/Src/main.c:80:6:sendData	16	static
../Core/Src/main.c:89:5:main	8	static
../Core/Src/main.c:145:6:SystemClock_Config	88	static
../Core/Src/main.c:189:13:MX_ADC1_Init	24	static
../Core/Src/main.c:236:13:MX_TIM2_Init	32	static
../Core/Src/main.c:281:13:MX_USART2_UART_Init	8	static
../Core/Src/main.c:314:13:MX_GPIO_Init	32	static
../Core/Src/main.c:338:6:HAL_TIM_PeriodElapsedCallback	16	static
../Core/Src/main.c:348:6:Error_Handler	4	static,ignoring_inline_asm
